[ 15%] Built target libprotobuf-lite
[ 52%] Built target libprotobuf
[ 89%] Built target libprotoc
[ 90%] Built target protoc
[ 91%] Built target pbgen
[ 91%] Building CXX object CMakeFiles/gati.dir/src/instgen.cpp.o
/home/nirdesh/hdd/gaticc/src/instgen.cpp: In function ‘void Pass::absorb(Op::Graph&)’:
/home/nirdesh/hdd/gaticc/src/instgen.cpp:219:22: warning: comparison with string literal results in unspecified behavior [-Waddress]
  219 |     if (l->op_type() == "QLinearEltwise" &&
      |         ~~~~~~~~~~~~~^~~~~~~~~~~~~~~~~~~
/home/nirdesh/hdd/gaticc/src/instgen.cpp: In function ‘IVec2D aligned_qle_dims(const IVec2D&)’:
/home/nirdesh/hdd/gaticc/src/instgen.cpp:485:21: warning: comparison of integer expressions of different signedness: ‘int’ and ‘std::vector<std::vector<int> >::size_type’ {aka ‘long unsigned int’} [-Wsign-compare]
  485 |   for (int i = 0; i < d.size(); ++i) {
      |                   ~~^~~~~~~~~~
/home/nirdesh/hdd/gaticc/src/instgen.cpp: In function ‘std::vector<int> aligned_qle(const IVec2D&)’:
/home/nirdesh/hdd/gaticc/src/instgen.cpp:497:21: warning: comparison of integer expressions of different signedness: ‘int’ and ‘std::vector<std::vector<int> >::size_type’ {aka ‘long unsigned int’} [-Wsign-compare]
  497 |   for (int i = 0; i < ad.size(); ++i) {
      |                   ~~^~~~~~~~~~~
/home/nirdesh/hdd/gaticc/src/instgen.cpp: In function ‘void decomp_inst(std::bitset<256>&, const Op::Layer::QLinearConv*, uint32_t&)’:
/home/nirdesh/hdd/gaticc/src/instgen.cpp:660:28: warning: unused parameter ‘input_addr_start’ [-Wunused-parameter]
  660 |                  uint32_t &input_addr_start) {
      |                  ~~~~~~~~~~^~~~~~~~~~~~~~~~
/home/nirdesh/hdd/gaticc/src/instgen.cpp: In function ‘std::bitset<256> gen_conv_inst(const Op::Layer::QLinearConv*, AddressGen&, InitializerTable&)’:
/home/nirdesh/hdd/gaticc/src/instgen.cpp:703:7: warning: unused variable ‘pad_cnt’ [-Wunused-variable]
  703 |   int pad_cnt = cc->m_cp.pad[I_LEFT];
      |       ^~~~~~~
/home/nirdesh/hdd/gaticc/src/instgen.cpp: In function ‘std::bitset<256> gen_pool_inst(const Op::LayerBase*, AddressGen&, InitializerTable&)’:
/home/nirdesh/hdd/gaticc/src/instgen.cpp:932:27: warning: comparison with string literal results in unspecified behavior [-Waddress]
  932 |   } else if (l->op_type() == "QLinearAveragePool") {
      |              ~~~~~~~~~~~~~^~~~~~~~~~~~~~~~~~~~~~~
/home/nirdesh/hdd/gaticc/src/instgen.cpp:920:74: warning: unused parameter ‘tbl’ [-Wunused-parameter]
  920 | gen_pool_inst(const Op::LayerBase *l, AddressGen &gen, InitializerTable &tbl) {
      |                                                        ~~~~~~~~~~~~~~~~~~^~~
/home/nirdesh/hdd/gaticc/src/instgen.cpp: In member function ‘virtual int Op::Layer::NoOp::get_inst(InstBlob&, AddressGen&, InitializerTable&)’:
/home/nirdesh/hdd/gaticc/src/instgen.cpp:1018:41: warning: unused parameter ‘insts’ [-Wunused-parameter]
 1018 | int Op::Layer::NoOp::get_inst(InstBlob &insts, AddressGen &,
      |                               ~~~~~~~~~~^~~~~
/home/nirdesh/hdd/gaticc/src/instgen.cpp: In member function ‘virtual void Op::Layer::NoOp::get_opcodes(std::vector<int>&)’:
/home/nirdesh/hdd/gaticc/src/instgen.cpp:1279:53: warning: unused parameter ‘opcodes’ [-Wunused-parameter]
 1279 | void Op::Layer::NoOp::get_opcodes(std::vector<int> &opcodes) {}
      |                                   ~~~~~~~~~~~~~~~~~~^~~~~~~
/home/nirdesh/hdd/gaticc/src/instgen.cpp: In member function ‘virtual int Op::Layer::GlobalAveragePool::get_inst(InstBlob&, AddressGen&, InitializerTable&)’:
/home/nirdesh/hdd/gaticc/src/instgen.cpp:1382:73: warning: unused parameter ‘gen’ [-Wunused-parameter]
 1382 | int Op::Layer::GlobalAveragePool::get_inst(InstBlob &insts, AddressGen &gen,
      |                                                             ~~~~~~~~~~~~^~~
/home/nirdesh/hdd/gaticc/src/instgen.cpp:1383:62: warning: unused parameter ‘tbl’ [-Wunused-parameter]
 1383 |                                            InitializerTable &tbl) {
      |                                            ~~~~~~~~~~~~~~~~~~^~~
/home/nirdesh/hdd/gaticc/src/instgen.cpp: In function ‘void gen_eltwise_input_quant(const Op::LayerBase*, std::bitset<256>&, float, float, int, int)’:
/home/nirdesh/hdd/gaticc/src/instgen.cpp:1475:58: warning: unused parameter ‘l’ [-Wunused-parameter]
 1475 | static void gen_eltwise_input_quant(const Op::LayerBase *l,
      |                                     ~~~~~~~~~~~~~~~~~~~~~^
/home/nirdesh/hdd/gaticc/src/instgen.cpp:1477:71: warning: unused parameter ‘a_zp’ [-Wunused-parameter]
 1477 |                                     float a_scale, float b_scale, int a_zp,
      |                                                                   ~~~~^~~~
/home/nirdesh/hdd/gaticc/src/instgen.cpp:1478:41: warning: unused parameter ‘b_zp’ [-Wunused-parameter]
 1478 |                                     int b_zp) {
      |                                     ~~~~^~~~
/home/nirdesh/hdd/gaticc/src/instgen.cpp: In function ‘std::bitset<256> gen_sigmoid(const Op::LayerBase*, AddressGen&, InitializerTable&, int)’:
/home/nirdesh/hdd/gaticc/src/instgen.cpp:1672:66: warning: unused parameter ‘tbl’ [-Wunused-parameter]
 1672 |                                                InitializerTable &tbl,
      |                                                ~~~~~~~~~~~~~~~~~~^~~
/home/nirdesh/hdd/gaticc/src/instgen.cpp: In function ‘void gen_sigmoid_input_quant(std::bitset<256>&, float, int)’:
/home/nirdesh/hdd/gaticc/src/instgen.cpp:1695:56: warning: unused parameter ‘a_zp’ [-Wunused-parameter]
 1695 |                                     float a_scale, int a_zp) {
      |                                                    ~~~~^~~~
/home/nirdesh/hdd/gaticc/src/instgen.cpp: In function ‘std::bitset<256> gen_sigmoid_quant(const Op::Layer::QLinearSigmoid*)’:
/home/nirdesh/hdd/gaticc/src/instgen.cpp:1703:52: warning: unused parameter ‘cc’ [-Wunused-parameter]
 1703 | gen_sigmoid_quant(const Op::Layer::QLinearSigmoid *cc) {
      |                   ~~~~~~~~~~~~~~~~~~~~~~~~~~~~~~~~~^~
/home/nirdesh/hdd/gaticc/src/instgen.cpp: In function ‘std::bitset<256> gen_concat(const Op::LayerBase*, AddressGen&, InitializerTable&)’:
/home/nirdesh/hdd/gaticc/src/instgen.cpp:1751:16: warning: comparison of integer expressions of different signedness: ‘int’ and ‘std::vector<std::__cxx11::basic_string<char> >::size_type’ {aka ‘long unsigned int’} [-Wsign-compare]
 1751 |   for(int i=0;i<l->input_names.size();i++){
      |               ~^~~~~~~~~~~~~~~~~~~~~~
/home/nirdesh/hdd/gaticc/src/instgen.cpp:1760:16: warning: comparison of integer expressions of different signedness: ‘int’ and ‘std::vector<int>::size_type’ {aka ‘long unsigned int’} [-Wsign-compare]
 1760 |   for(int i=0;i<l->inputs.size();i++){
      |               ~^~~~~~~~~~~~~~~~~
/home/nirdesh/hdd/gaticc/src/instgen.cpp:1742:71: warning: unused parameter ‘tbl’ [-Wunused-parameter]
 1742 | gen_concat(const Op::LayerBase *l, AddressGen &gen, InitializerTable &tbl) {
      |                                                     ~~~~~~~~~~~~~~~~~~^~~
/home/nirdesh/hdd/gaticc/src/instgen.cpp: In member function ‘virtual int Op::Layer::Clip::get_inst(InstBlob&, AddressGen&, InitializerTable&)’:
/home/nirdesh/hdd/gaticc/src/instgen.cpp:1846:60: warning: unused parameter ‘gen’ [-Wunused-parameter]
 1846 | int Op::Layer::Clip::get_inst(InstBlob &insts, AddressGen &gen, InitializerTable &tbl){
      |                                                ~~~~~~~~~~~~^~~
/home/nirdesh/hdd/gaticc/src/instgen.cpp:1846:83: warning: unused parameter ‘tbl’ [-Wunused-parameter]
 1846 | int Op::Layer::Clip::get_inst(InstBlob &insts, AddressGen &gen, InitializerTable &tbl){
      |                                                                 ~~~~~~~~~~~~~~~~~~^~~
/home/nirdesh/hdd/gaticc/src/instgen.cpp: In member function ‘virtual int Op::Layer::Transpose::get_inst(InstBlob&, AddressGen&, InitializerTable&)’:
/home/nirdesh/hdd/gaticc/src/instgen.cpp:1932:87: warning: unused parameter ‘tbl’ [-Wunused-parameter]
 1932 | int Op::Layer::Transpose::get_inst(InstBlob &blob, AddressGen &gen, InitializerTable &tbl) {
      |                                                                     ~~~~~~~~~~~~~~~~~~^~~
/home/nirdesh/hdd/gaticc/src/instgen.cpp: In member function ‘virtual void Op::Layer::Reshape::get_opcodes(std::vector<int>&)’:
/home/nirdesh/hdd/gaticc/src/instgen.cpp:1951:56: warning: unused parameter ‘op_codes’ [-Wunused-parameter]
 1951 | void Op::Layer::Reshape::get_opcodes(std::vector<int> &op_codes) {
      |                                      ~~~~~~~~~~~~~~~~~~^~~~~~~~
/home/nirdesh/hdd/gaticc/src/instgen.cpp: In member function ‘virtual int Op::Layer::Reshape::get_inst(InstBlob&, AddressGen&, InitializerTable&)’:
/home/nirdesh/hdd/gaticc/src/instgen.cpp:1959:44: warning: unused parameter ‘blob’ [-Wunused-parameter]
 1959 | int Op::Layer::Reshape::get_inst(InstBlob &blob, AddressGen &gen, InitializerTable &tbl) {
      |                                  ~~~~~~~~~~^~~~
/home/nirdesh/hdd/gaticc/src/instgen.cpp:1959:62: warning: unused parameter ‘gen’ [-Wunused-parameter]
 1959 | int Op::Layer::Reshape::get_inst(InstBlob &blob, AddressGen &gen, InitializerTable &tbl) {
      |                                                  ~~~~~~~~~~~~^~~
/home/nirdesh/hdd/gaticc/src/instgen.cpp:1959:85: warning: unused parameter ‘tbl’ [-Wunused-parameter]
 1959 | int Op::Layer::Reshape::get_inst(InstBlob &blob, AddressGen &gen, InitializerTable &tbl) {
      |                                                                   ~~~~~~~~~~~~~~~~~~^~~
/home/nirdesh/hdd/gaticc/src/instgen.cpp: In member function ‘virtual int Op::Layer::Resize::get_inst(InstBlob&, AddressGen&, InitializerTable&)’:
/home/nirdesh/hdd/gaticc/src/instgen.cpp:1973:84: warning: unused parameter ‘tbl’ [-Wunused-parameter]
 1973 | int Op::Layer::Resize::get_inst(InstBlob &blob, AddressGen &gen, InitializerTable &tbl) {
      |                                                                  ~~~~~~~~~~~~~~~~~~^~~
/home/nirdesh/hdd/gaticc/src/instgen.cpp: In function ‘void print_table(const Table&)’:
/home/nirdesh/hdd/gaticc/src/instgen.cpp:2214:18: warning: non-ISO-standard escape sequence, '\e'
 2214 |     std::cout << "\e[93m";
      |                  ^~~~~~~~
/home/nirdesh/hdd/gaticc/src/instgen.cpp:2225:18: warning: non-ISO-standard escape sequence, '\e'
 2225 |     std::cout << "\e[39m";
      |                  ^~~~~~~~
/home/nirdesh/hdd/gaticc/src/instgen.cpp: In member function ‘void BinBlob::append(float)’:
/home/nirdesh/hdd/gaticc/src/instgen.cpp:2306:21: warning: comparison of integer expressions of different signedness: ‘int’ and ‘long unsigned int’ [-Wsign-compare]
 2306 |   for (int i = 0; i < sizeof(a); ++i) {
      |                   ~~^~~~~~~~~~~
In file included from /home/nirdesh/hdd/gaticc/src/onnx_parser.h:14,
                 from /home/nirdesh/hdd/gaticc/src/pch.h:6,
                 from /home/nirdesh/hdd/gaticc/src/instgen.cpp:1:
/home/nirdesh/hdd/gaticc/src/tensor.h: In instantiation of ‘class TensorBroadcast<signed char>’:
/home/nirdesh/hdd/gaticc/src/instgen.cpp:2675:26:   required from here
/home/nirdesh/hdd/gaticc/src/tensor.h:110:34: warning: ‘Tensor<T>& Tensor<T>::operator=(Tensor<T>&&) [with T = signed char]’ was hidden [-Woverloaded-virtual=]
  110 | template <typename T> Tensor<T> &Tensor<T>::operator=(Tensor<T> &&) {
      |                                  ^~~~~~~~~
/home/nirdesh/hdd/gaticc/src/tensor.h:538:29: note:   by ‘TensorBroadcast<signed char>::operator=’
  538 | template <typename T> class TensorBroadcast : public Tensor<T> {
      |                             ^~~~~~~~~~~~~~~
/home/nirdesh/hdd/gaticc/src/tensor.h:106:34: warning: ‘Tensor<T>& Tensor<T>::operator=(const Tensor<T>&) [with T = signed char]’ was hidden [-Woverloaded-virtual=]
  106 | template <typename T> Tensor<T> &Tensor<T>::operator=(const Tensor<T> &) {
      |                                  ^~~~~~~~~
/home/nirdesh/hdd/gaticc/src/tensor.h:538:29: note:   by ‘TensorBroadcast<signed char>::operator=’
  538 | template <typename T> class TensorBroadcast : public Tensor<T> {
      |                             ^~~~~~~~~~~~~~~
/home/nirdesh/hdd/gaticc/src/instgen.cpp: In member function ‘void GmlCheck::check_dwp(const BinBlob&) const’:
/home/nirdesh/hdd/gaticc/src/instgen.cpp:3106:32: warning: comparison of integer expressions of different signedness: ‘int’ and ‘uint32_t’ {aka ‘unsigned int’} [-Wsign-compare]
 3106 |         for (int j = i+ds-1; j > i+ds-1-8; --j) {
      |                              ~~^~~~~~~~~~
/home/nirdesh/hdd/gaticc/src/instgen.cpp:3110:27: warning: comparison of integer expressions of different signedness: ‘int’ and ‘uint32_t’ {aka ‘unsigned int’} [-Wsign-compare]
 3110 |         for (int j = i; j < i+ds; ++j) {
      |                         ~~^~~~~~
/home/nirdesh/hdd/gaticc/src/instgen.cpp: In function ‘int get_nms_index(AddressGen&)’:
/home/nirdesh/hdd/gaticc/src/instgen.cpp:3156:21: warning: comparison of integer expressions of different signedness: ‘int’ and ‘std::vector<Op::LayerBase*>::size_type’ {aka ‘long unsigned int’} [-Wsign-compare]
 3156 |   for (int i = 0; i < order.size(); i++) {
      |                   ~~^~~~~~~~~~~~~~
In file included from /usr/include/c++/13/cassert:44,
                 from /home/nirdesh/hdd/gaticc/third_party/pybind11/include/pybind11/pybind11.h:26,
                 from /home/nirdesh/hdd/gaticc/third_party/pybind11/include/pybind11/numpy.h:12,
                 from /home/nirdesh/hdd/gaticc/src/utils.h:21,
                 from /home/nirdesh/hdd/gaticc/src/tensor.h:3:
/home/nirdesh/hdd/gaticc/src/utils.h: In instantiation of ‘std::vector<T> broadcast_vec(const std::vector<T>&, int) [with T = float]’:
/home/nirdesh/hdd/gaticc/src/instgen.cpp:271:24:   required from here
/home/nirdesh/hdd/gaticc/src/utils.h:667:22: warning: comparison of integer expressions of different signedness: ‘std::vector<float>::size_type’ {aka ‘long unsigned int’} and ‘int’ [-Wsign-compare]
  667 |     assert(in.size() == new_size);
      |            ~~~~~~~~~~^~~~~~~~~~~
/home/nirdesh/hdd/gaticc/src/utils.h: In instantiation of ‘void bitset_range_set(std::bitset<_Nb>&, const std::bitset<b2N>&, int, int) [with long unsigned int b1N = 256; long unsigned int b2N = 4]’:
/home/nirdesh/hdd/gaticc/src/instgen.cpp:458:19:   required from here
/home/nirdesh/hdd/gaticc/src/utils.h:684:27: warning: comparison of integer expressions of different signedness: ‘int’ and ‘std::size_t’ {aka ‘long unsigned int’} [-Wsign-compare]
  684 |   assert(stop - start + 1 == src.size());
      |          ~~~~~~~~~~~~~~~~~^~~~~~~~~~~~~
/home/nirdesh/hdd/gaticc/src/utils.h: In instantiation of ‘void bitset_range_set(std::bitset<_Nb>&, const std::bitset<b2N>&, int, int) [with long unsigned int b1N = 256; long unsigned int b2N = 12]’:
/home/nirdesh/hdd/gaticc/src/instgen.cpp:461:19:   required from here
/home/nirdesh/hdd/gaticc/src/utils.h:684:27: warning: comparison of integer expressions of different signedness: ‘int’ and ‘std::size_t’ {aka ‘long unsigned int’} [-Wsign-compare]
/home/nirdesh/hdd/gaticc/src/utils.h: In instantiation of ‘void bitset_range_set(std::bitset<_Nb>&, const std::bitset<b2N>&, int, int) [with long unsigned int b1N = 256; long unsigned int b2N = 16]’:
/home/nirdesh/hdd/gaticc/src/instgen.cpp:644:19:   required from here
/home/nirdesh/hdd/gaticc/src/utils.h:684:27: warning: comparison of integer expressions of different signedness: ‘int’ and ‘std::size_t’ {aka ‘long unsigned int’} [-Wsign-compare]
/home/nirdesh/hdd/gaticc/src/utils.h: In instantiation of ‘void bitset_range_set(std::bitset<_Nb>&, const std::bitset<b2N>&, int, int) [with long unsigned int b1N = 256; long unsigned int b2N = 5]’:
/home/nirdesh/hdd/gaticc/src/instgen.cpp:648:19:   required from here
/home/nirdesh/hdd/gaticc/src/utils.h:684:27: warning: comparison of integer expressions of different signedness: ‘int’ and ‘std::size_t’ {aka ‘long unsigned int’} [-Wsign-compare]
/home/nirdesh/hdd/gaticc/src/utils.h: In instantiation of ‘void bitset_range_set(std::bitset<_Nb>&, const std::bitset<b2N>&, int, int) [with long unsigned int b1N = 256; long unsigned int b2N = 1]’:
/home/nirdesh/hdd/gaticc/src/instgen.cpp:653:19:   required from here
/home/nirdesh/hdd/gaticc/src/utils.h:684:27: warning: comparison of integer expressions of different signedness: ‘int’ and ‘std::size_t’ {aka ‘long unsigned int’} [-Wsign-compare]
/home/nirdesh/hdd/gaticc/src/utils.h: In instantiation of ‘void bitset_range_set(std::bitset<_Nb>&, const std::bitset<b2N>&, int, int) [with long unsigned int b1N = 256; long unsigned int b2N = 3]’:
/home/nirdesh/hdd/gaticc/src/instgen.cpp:666:3:   required from here
/home/nirdesh/hdd/gaticc/src/utils.h:684:27: warning: comparison of integer expressions of different signedness: ‘int’ and ‘std::size_t’ {aka ‘long unsigned int’} [-Wsign-compare]
/home/nirdesh/hdd/gaticc/src/utils.h: In instantiation of ‘void bitset_range_set(std::bitset<_Nb>&, const std::bitset<b2N>&, int, int) [with long unsigned int b1N = 256; long unsigned int b2N = 10]’:
/home/nirdesh/hdd/gaticc/src/instgen.cpp:682:3:   required from here
/home/nirdesh/hdd/gaticc/src/utils.h:684:27: warning: comparison of integer expressions of different signedness: ‘int’ and ‘std::size_t’ {aka ‘long unsigned int’} [-Wsign-compare]
/home/nirdesh/hdd/gaticc/src/utils.h: In instantiation of ‘void bitset_range_set(std::bitset<_Nb>&, const std::bitset<b2N>&, int, int) [with long unsigned int b1N = 256; long unsigned int b2N = 32]’:
/home/nirdesh/hdd/gaticc/src/instgen.cpp:734:3:   required from here
/home/nirdesh/hdd/gaticc/src/utils.h:684:27: warning: comparison of integer expressions of different signedness: ‘int’ and ‘std::size_t’ {aka ‘long unsigned int’} [-Wsign-compare]
/home/nirdesh/hdd/gaticc/src/utils.h: In instantiation of ‘void bitset_range_set(std::bitset<_Nb>&, const std::bitset<b2N>&, int, int) [with long unsigned int b1N = 256; long unsigned int b2N = 2]’:
/home/nirdesh/hdd/gaticc/src/instgen.cpp:749:5:   required from here
/home/nirdesh/hdd/gaticc/src/utils.h:684:27: warning: comparison of integer expressions of different signedness: ‘int’ and ‘std::size_t’ {aka ‘long unsigned int’} [-Wsign-compare]
/home/nirdesh/hdd/gaticc/src/utils.h: In instantiation of ‘void bitset_range_set(std::bitset<_Nb>&, const std::bitset<b2N>&, int, int) [with long unsigned int b1N = 256; long unsigned int b2N = 8]’:
/home/nirdesh/hdd/gaticc/src/instgen.cpp:779:9:   required from here
/home/nirdesh/hdd/gaticc/src/utils.h:684:27: warning: comparison of integer expressions of different signedness: ‘int’ and ‘std::size_t’ {aka ‘long unsigned int’} [-Wsign-compare]
/home/nirdesh/hdd/gaticc/src/utils.h: In instantiation of ‘void bitset_range_set(std::bitset<_Nb>&, const std::bitset<b2N>&, int, int) [with long unsigned int b1N = 256; long unsigned int b2N = 20]’:
/home/nirdesh/hdd/gaticc/src/instgen.cpp:807:3:   required from here
/home/nirdesh/hdd/gaticc/src/utils.h:684:27: warning: comparison of integer expressions of different signedness: ‘int’ and ‘std::size_t’ {aka ‘long unsigned int’} [-Wsign-compare]
In file included from /usr/include/c++/13/cassert:44,
                 from /home/nirdesh/hdd/gaticc/src/pch.h:9:
/home/nirdesh/hdd/gaticc/src/instgen.h: In instantiation of ‘char get_byte(T, int) [with T = int]’:
/home/nirdesh/hdd/gaticc/src/instgen.h:435:22:   required from ‘void BinBlob::generic_append(T) [with T = int]’
/home/nirdesh/hdd/gaticc/src/instgen.cpp:2284:17:   required from here
/home/nirdesh/hdd/gaticc/src/instgen.h:372:12: warning: comparison of integer expressions of different signedness: ‘int’ and ‘long unsigned int’ [-Wsign-compare]
  372 |   assert(n < sizeof(T) && n >= 0);
      |          ~~^~~~~~~~~~~
/home/nirdesh/hdd/gaticc/src/instgen.h: In instantiation of ‘char get_byte(T, int) [with T = unsigned int]’:
/home/nirdesh/hdd/gaticc/src/instgen.h:435:22:   required from ‘void BinBlob::generic_append(T) [with T = unsigned int]’
/home/nirdesh/hdd/gaticc/src/instgen.cpp:2289:17:   required from here
/home/nirdesh/hdd/gaticc/src/instgen.h:372:12: warning: comparison of integer expressions of different signedness: ‘int’ and ‘long unsigned int’ [-Wsign-compare]
/home/nirdesh/hdd/gaticc/src/instgen.h: In instantiation of ‘char get_byte(T, int) [with T = unsigned char]’:
/home/nirdesh/hdd/gaticc/src/instgen.h:435:22:   required from ‘void BinBlob::generic_append(T) [with T = unsigned char]’
/home/nirdesh/hdd/gaticc/src/instgen.cpp:2294:17:   required from here
/home/nirdesh/hdd/gaticc/src/instgen.h:372:12: warning: comparison of integer expressions of different signedness: ‘int’ and ‘long unsigned int’ [-Wsign-compare]
/home/nirdesh/hdd/gaticc/src/instgen.h: In instantiation of ‘char get_byte(T, int) [with T = signed char]’:
/home/nirdesh/hdd/gaticc/src/instgen.h:435:22:   required from ‘void BinBlob::generic_append(T) [with T = signed char]’
/home/nirdesh/hdd/gaticc/src/instgen.cpp:2299:17:   required from here
/home/nirdesh/hdd/gaticc/src/instgen.h:372:12: warning: comparison of integer expressions of different signedness: ‘int’ and ‘long unsigned int’ [-Wsign-compare]
/home/nirdesh/hdd/gaticc/src/instgen.h: In instantiation of ‘char get_byte(const std::bitset<_Nb>&, int) [with long unsigned int sz = 256]’:
/home/nirdesh/hdd/gaticc/src/instgen.h:435:22:   required from ‘void BinBlob::generic_append(T) [with T = std::bitset<256>]’
/home/nirdesh/hdd/gaticc/src/instgen.cpp:2328:19:   required from here
/home/nirdesh/hdd/gaticc/src/instgen.h:379:12: warning: comparison of integer expressions of different signedness: ‘int’ and ‘long unsigned int’ [-Wsign-compare]
  379 |   assert(n < (sz / 8) && n >= 0);
      |          ~~^~~~~~~~~~
/home/nirdesh/hdd/gaticc/src/tensor.h: In instantiation of ‘static T TensorBroadcast<T>::broadcast_view(const Tensor<T>*, const std::vector<int>&, int) [with T = signed char]’:
/home/nirdesh/hdd/gaticc/src/tensor.h:590:29:   required from ‘static void TensorBroadcast<T>::broadcast_tensor(Tensor<T>*, Tensor<T>*) [with T = signed char]’
/home/nirdesh/hdd/gaticc/src/instgen.cpp:2675:44:   required from here
/home/nirdesh/hdd/gaticc/src/tensor.h:642:21: warning: comparison of integer expressions of different signedness: ‘int’ and ‘std::vector<int>::size_type’ {aka ‘long unsigned int’} [-Wsign-compare]
  642 |   for (int j = 0; j < src_dims.size(); j++) {
      |                   ~~^~~~~~~~~~~~~~~~~
/home/nirdesh/hdd/gaticc/src/tensor.h: In instantiation of ‘std::vector<T>&& Tensor<T>::rget() [with T = int]’:
/home/nirdesh/hdd/gaticc/src/tensor.h:124:40:   required from here
/home/nirdesh/hdd/gaticc/src/tensor.h:126:15: warning: returning reference to temporary [-Wreturn-local-addr]
  126 |   return std::vector<T>();
      |               ^~~~~~~~~~~
/home/nirdesh/hdd/gaticc/src/tensor.h: In instantiation of ‘std::vector<T>&& Tensor<T>::rget() [with T = unsigned char]’:
/home/nirdesh/hdd/gaticc/src/tensor.h:124:40:   required from here
/home/nirdesh/hdd/gaticc/src/tensor.h:126:15: warning: returning reference to temporary [-Wreturn-local-addr]
/home/nirdesh/hdd/gaticc/src/tensor.h: In instantiation of ‘std::vector<T>&& Tensor<T>::rget() [with T = signed char]’:
/home/nirdesh/hdd/gaticc/src/tensor.h:124:40:   required from here
/home/nirdesh/hdd/gaticc/src/tensor.h:126:15: warning: returning reference to temporary [-Wreturn-local-addr]
/home/nirdesh/hdd/gaticc/src/instgen.cpp: In function ‘Op::LayerBase* Op::get_last_layer(const Parser&)’:
/home/nirdesh/hdd/gaticc/src/instgen.cpp:196:1: warning: control reaches end of non-void function [-Wreturn-type]
  196 | }
      | ^
[ 91%] Linking CXX shared library libgati.so
[ 98%] Built target gati
[ 98%] Linking CXX shared module _gati.cpython-312-x86_64-linux-gnu.so
[ 99%] Linking CXX executable gaticc
[ 99%] Built target _gati
[100%] Built target gaticc
